   Compiling dm-core v0.1.0 (/home/runner/work/Dream64/Dream64/crates/dm-core)
   Compiling dm-lexer v0.1.0 (/home/runner/work/Dream64/Dream64/crates/dm-lexer)
   Compiling dm-syntax v0.1.0 (/home/runner/work/Dream64/Dream64/crates/dm-syntax)
   Compiling dm-value v0.1.0 (/home/runner/work/Dream64/Dream64/crates/dm-value)
   Compiling dm-object-tree v0.1.0 (/home/runner/work/Dream64/Dream64/crates/dm-object-tree)
   Compiling dm-project v0.1.0 (/home/runner/work/Dream64/Dream64/crates/dm-project)
   Compiling dm-compiler v0.1.0 (/home/runner/work/Dream64/Dream64/crates/dm-compiler)
   Compiling dm-vm v0.1.0 (/home/runner/work/Dream64/Dream64/crates/dm-vm)
   Compiling dm-globals v0.1.0 (/home/runner/work/Dream64/Dream64/crates/dm-globals)
   Compiling dm-runtime v0.1.0 (/home/runner/work/Dream64/Dream64/crates/dm-runtime)
error[E0382]: use of moved value
   --> crates/dm-runtime/src/lib.rs:515:28
    |
513 |             let mut current = Some(path.clone());
    |                               ------------------ this reinitialization might get skipped
514 |             let mut visited = BTreeSet::new();
515 |             while let Some(candidate) = current {
    |                            ^^^^^^^^^ value moved here, in previous iteration of loop
    |
    = note: move occurs because value has type `dm_value::TypePath`, which does not implement the `Copy` trait
help: borrow this binding in the pattern to avoid moving the value
    |
515 |             while let Some(ref candidate) = current {
    |                            +++

For more information about this error, try `rustc --explain E0382`.
error: could not compile `dm-runtime` (lib) due to 1 previous error
warning: build failed, waiting for other jobs to finish...
