crates/dm-semantics/src/lib.rs: expected one match, found 0
---OLD---
    "	return output\n",
);
const STANDARD_BUILTIN_NAMES: [&str; 6] =
    ["isarea", "ismob", "isobj", "get_dir", "istext", "orange"];

   Compiling dm-core v0.1.0 (/home/runner/work/Dream64/Dream64/crates/dm-core)
   Compiling dm-lexer v0.1.0 (/home/runner/work/Dream64/Dream64/crates/dm-lexer)
   Compiling dm-value v0.1.0 (/home/runner/work/Dream64/Dream64/crates/dm-value)
   Compiling dm-syntax v0.1.0 (/home/runner/work/Dream64/Dream64/crates/dm-syntax)
   Compiling dm-vm v0.1.0 (/home/runner/work/Dream64/Dream64/crates/dm-vm)
   Compiling dm-object-tree v0.1.0 (/home/runner/work/Dream64/Dream64/crates/dm-object-tree)
   Compiling dm-project v0.1.0 (/home/runner/work/Dream64/Dream64/crates/dm-project)
error[E0382]: use of partially moved value: `instruction`
    --> crates/dm-vm/src/lib.rs:5750:37
     |
5126 |         let Some(instruction) = program.instructions.get(instruction_index).cloned() else {
     |                  ----------- this reinitialization might get skipped
...
5749 |             Instruction::StoreField(name) | Instruction::StoreFieldKeep(name) => {
     |                                                                         ---- value partially moved here
5750 |                 let keep = matches!(instruction, Instruction::StoreFieldKeep(_));
     |                                     ^^^^^^^^^^^ value used here after partial move
     |
     = note: partial move occurs because value has type `FieldName`, which does not implement the `Copy` trait
help: borrow this binding in the pattern to avoid moving the value
     |
5749 |             Instruction::StoreField(name) | Instruction::StoreFieldKeep(ref name) => {
     |                                                                         +++

For more information about this error, try `rustc --explain E0382`.
error: could not compile `dm-vm` (lib) due to 1 previous error
warning: build failed, waiting for other jobs to finish...
   Compiling dm-compiler v0.1.0 (/home/runner/work/Dream64/Dream64/crates/dm-compiler)
   Compiling dm-vm v0.1.0 (/home/runner/work/Dream64/Dream64/crates/dm-vm)
   Compiling dm-globals v0.1.0 (/home/runner/work/Dream64/Dream64/crates/dm-globals)
error[E0382]: use of partially moved value: `instruction`
    --> crates/dm-vm/src/lib.rs:5750:37
     |
5126 |         let Some(instruction) = program.instructions.get(instruction_index).cloned() else {
     |                  ----------- this reinitialization might get skipped
...
5749 |             Instruction::StoreField(name) | Instruction::StoreFieldKeep(name) => {
     |                                                                         ---- value partially moved here
5750 |                 let keep = matches!(instruction, Instruction::StoreFieldKeep(_));
     |                                     ^^^^^^^^^^^ value used here after partial move
     |
     = note: partial move occurs because value has type `FieldName`, which does not implement the `Copy` trait
help: borrow this binding in the pattern to avoid moving the value
     |
5749 |             Instruction::StoreField(name) | Instruction::StoreFieldKeep(ref name) => {
     |                                                                         +++

For more information about this error, try `rustc --explain E0382`.
error: could not compile `dm-vm` (lib) due to 1 previous error
warning: build failed, waiting for other jobs to finish...
    Checking dm-core v0.1.0 (/home/runner/work/Dream64/Dream64/crates/dm-core)
    Checking dm-lexer v0.1.0 (/home/runner/work/Dream64/Dream64/crates/dm-lexer)
    Checking dm-project v0.1.0 (/home/runner/work/Dream64/Dream64/crates/dm-project)
    Checking dm-syntax v0.1.0 (/home/runner/work/Dream64/Dream64/crates/dm-syntax)
    Checking dm-object-tree v0.1.0 (/home/runner/work/Dream64/Dream64/crates/dm-object-tree)
    Checking dm-value v0.1.0 (/home/runner/work/Dream64/Dream64/crates/dm-value)
    Checking dm-compiler v0.1.0 (/home/runner/work/Dream64/Dream64/crates/dm-compiler)
    Checking dm-globals v0.1.0 (/home/runner/work/Dream64/Dream64/crates/dm-globals)
    Checking dm-vm v0.1.0 (/home/runner/work/Dream64/Dream64/crates/dm-vm)
    Checking dm-map v0.1.0 (/home/runner/work/Dream64/Dream64/crates/dm-map)
    Checking dm-dmf v0.1.0 (/home/runner/work/Dream64/Dream64/crates/dm-dmf)
error[E0382]: use of partially moved value: `instruction`
    --> crates/dm-vm/src/lib.rs:5750:37
     |
5126 |         let Some(instruction) = program.instructions.get(instruction_index).cloned() else {
     |                  ----------- this reinitialization might get skipped
...
5749 |             Instruction::StoreField(name) | Instruction::StoreFieldKeep(name) => {
     |                                                                         ---- value partially moved here
5750 |                 let keep = matches!(instruction, Instruction::StoreFieldKeep(_));
     |                                     ^^^^^^^^^^^ value used here after partial move
     |
     = note: partial move occurs because value has type `dm_value::FieldName`, which does not implement the `Copy` trait
help: borrow this binding in the pattern to avoid moving the value
     |
5749 |             Instruction::StoreField(name) | Instruction::StoreFieldKeep(ref name) => {
     |                                                                         +++

For more information about this error, try `rustc --explain E0382`.
error: could not compile `dm-vm` (lib) due to 1 previous error
warning: build failed, waiting for other jobs to finish...
