    Checking dm-core v0.1.0 (/home/runner/work/Dream64/Dream64/crates/dm-core)
    Checking dm-lexer v0.1.0 (/home/runner/work/Dream64/Dream64/crates/dm-lexer)
    Checking dm-project v0.1.0 (/home/runner/work/Dream64/Dream64/crates/dm-project)
    Checking dm-syntax v0.1.0 (/home/runner/work/Dream64/Dream64/crates/dm-syntax)
    Checking dm-object-tree v0.1.0 (/home/runner/work/Dream64/Dream64/crates/dm-object-tree)
    Checking dm-value v0.1.0 (/home/runner/work/Dream64/Dream64/crates/dm-value)
    Checking dm-compiler v0.1.0 (/home/runner/work/Dream64/Dream64/crates/dm-compiler)
    Checking dm-globals v0.1.0 (/home/runner/work/Dream64/Dream64/crates/dm-globals)
    Checking dm-vm v0.1.0 (/home/runner/work/Dream64/Dream64/crates/dm-vm)
    Checking dm-map v0.1.0 (/home/runner/work/Dream64/Dream64/crates/dm-map)
    Checking dm-dmf v0.1.0 (/home/runner/work/Dream64/Dream64/crates/dm-dmf)
    Checking dm-runtime v0.1.0 (/home/runner/work/Dream64/Dream64/crates/dm-runtime)
    Checking dm-world v0.1.0 (/home/runner/work/Dream64/Dream64/crates/dm-world)
    Checking dm-semantics v0.1.0 (/home/runner/work/Dream64/Dream64/crates/dm-semantics)
    Checking dm-lifecycle v0.1.0 (/home/runner/work/Dream64/Dream64/crates/dm-lifecycle)
error: docs for function which may panic missing `# Panics` section
   --> crates/dm-lifecycle/src/lib.rs:645:1
    |
645 | / pub fn execute_initialization_plan(
646 | |     compilation: &Compilation,
647 | |     procedures: &ProcedureRegistry,
648 | |     index: &LifecycleIndex,
...   |
651 | |     runtime: &mut RuntimeImage,
652 | | ) -> Result<InitializationExecution, InitializationExecutionError> {
    | |__________________________________________________________________^
    |
note: first possible panic found here
   --> crates/dm-lifecycle/src/lib.rs:684:13
    |
684 |             FieldName::parse("world").expect("built-in world global name is valid"),
    |             ^^^^^^^^^^^^^^^^^^^^^^^^^^^^^^^^^^^^^^^^^^^^^^^^^^^^^^^^^^^^^^^^^^^^^^^
    = help: for further information visit https://rust-lang.github.io/rust-clippy/rust-1.97.0/index.html#missing_panics_doc
    = note: `-D clippy::missing-panics-doc` implied by `-D warnings`
    = help: to override `-D warnings` add `#[allow(clippy::missing_panics_doc)]`

error: could not compile `dm-lifecycle` (lib) due to 1 previous error
warning: build failed, waiting for other jobs to finish...
=== EXIT 101 ===
