error: prefix `there` is unknown
    --> /home/runner/work/Dream64/Dream64/crates/dm-vm/src/lib.rs:7954:108
     |
7954 |             "/proc/middle()\n\treturn copytext_char("AéB", 2, 3)\n/proc/tail()\n\treturn copytext_char("Hi there", -5)\n",
     |                                                                                                            ^^^^^ unknown prefix
     |
     = note: prefixed identifiers and literals are reserved since Rust 2021
help: consider inserting whitespace here
     |
7954 |             "/proc/middle()\n\treturn copytext_char("AéB", 2, 3)\n/proc/tail()\n\treturn copytext_char("Hi there ", -5)\n",
     |                                                                                                                 +

error: expected one of `)`, `,`, `.`, `?`, or an operator, found `", 2, 3)\n/proc/tail()\n\treturn copytext_char("Hi`
    --> /home/runner/work/Dream64/Dream64/crates/dm-vm/src/lib.rs:7954:57
     |
7954 |             "/proc/middle()\n\treturn copytext_char("AéB", 2, 3)\n/proc/tail()\n\treturn copytext_char("Hi there", -5)\n",
     |                                                         -^^^^^^^^^^^^^^^^^^^^^^^^^^^^^^^^^^^^^^^^^^^^^^^^^
     |                                                         |
     |                                                         expected one of `)`, `,`, `.`, `?`, or an operator
     |                                                         help: missing `,`

error: expected one of `)`, `,`, `.`, `?`, or an operator, found `there`
    --> /home/runner/work/Dream64/Dream64/crates/dm-vm/src/lib.rs:7954:108
     |
7954 |             "/proc/middle()\n\treturn copytext_char("AéB", 2, 3)\n/proc/tail()\n\treturn copytext_char("Hi there", -5)\n",
     |                                                                                                           -^^^^^ expected one of `)`, `,`, `.`, `?`, or an operator
     |                                                                                                           |
     |                                                                                                           help: missing `,`

error: expected one of `!`, `)`, `,`, `.`, `::`, `?`, `{`, or an operator, found `", -5)\n"`
    --> /home/runner/work/Dream64/Dream64/crates/dm-vm/src/lib.rs:7954:113
     |
7954 |             "/proc/middle()\n\treturn copytext_char("AéB", 2, 3)\n/proc/tail()\n\treturn copytext_char("Hi there", -5)\n",
     |                                                                                                                 -^^^^^^^^
     |                                                                                                                 |
     |                                                                                                                 expected one of 8 possible tokens
     |                                                                                                                 help: missing `,`

