   Compiling dm-core v0.1.0 (/home/runner/work/Dream64/Dream64/crates/dm-core)
   Compiling dm-lexer v0.1.0 (/home/runner/work/Dream64/Dream64/crates/dm-lexer)
   Compiling dm-syntax v0.1.0 (/home/runner/work/Dream64/Dream64/crates/dm-syntax)
   Compiling dm-value v0.1.0 (/home/runner/work/Dream64/Dream64/crates/dm-value)
   Compiling dm-object-tree v0.1.0 (/home/runner/work/Dream64/Dream64/crates/dm-object-tree)
   Compiling dm-project v0.1.0 (/home/runner/work/Dream64/Dream64/crates/dm-project)
   Compiling dm-vm v0.1.0 (/home/runner/work/Dream64/Dream64/crates/dm-vm)
   Compiling dm-compiler v0.1.0 (/home/runner/work/Dream64/Dream64/crates/dm-compiler)
error[E0596]: cannot borrow `offsets` as mutable, as it is not declared as mutable
   --> crates/dm-vm/src/builtins.rs:421:9
    |
421 |         offsets.find(|offset| matches_at(*offset))
    |         ^^^^^^^ cannot borrow as mutable
    |
help: consider changing this to be mutable
    |
410 |     let mut offsets = text
    |         +++

   Compiling dm-globals v0.1.0 (/home/runner/work/Dream64/Dream64/crates/dm-globals)
For more information about this error, try `rustc --explain E0596`.
error: could not compile `dm-vm` (lib) due to 1 previous error
warning: build failed, waiting for other jobs to finish...
error: could not compile `dm-vm` (lib test) due to 1 previous error
