=== PATCH ===
=== FMT ===
=== FOCUSED TESTS ===
   Compiling dm-core v0.1.0 (/home/runner/work/Dream64/Dream64/crates/dm-core)
   Compiling dm-lexer v0.1.0 (/home/runner/work/Dream64/Dream64/crates/dm-lexer)
   Compiling dm-syntax v0.1.0 (/home/runner/work/Dream64/Dream64/crates/dm-syntax)
   Compiling dm-project v0.1.0 (/home/runner/work/Dream64/Dream64/crates/dm-project)
   Compiling dm-object-tree v0.1.0 (/home/runner/work/Dream64/Dream64/crates/dm-object-tree)
   Compiling dm-compiler v0.1.0 (/home/runner/work/Dream64/Dream64/crates/dm-compiler)
   Compiling dm-value v0.1.0 (/home/runner/work/Dream64/Dream64/crates/dm-value)
   Compiling dm-globals v0.1.0 (/home/runner/work/Dream64/Dream64/crates/dm-globals)
   Compiling dm-vm v0.1.0 (/home/runner/work/Dream64/Dream64/crates/dm-vm)
   Compiling dm-runtime v0.1.0 (/home/runner/work/Dream64/Dream64/crates/dm-runtime)
   Compiling dm-semantics v0.1.0 (/home/runner/work/Dream64/Dream64/crates/dm-semantics)
    Finished `test` profile [unoptimized + debuginfo] target(s) in 14.42s
     Running unittests src/lib.rs (target/debug/deps/dm_project-abd2ce70a9e44c90)

running 19 tests
test tests::borrows_byte_identical_source_when_no_directives_need_masking ... ok
test tests::expands_function_macros_with_nested_and_variadic_arguments ... ok
test tests::expands_predefined_file_macro_inside_user_macros ... ok
test tests::expands_nested_object_macros_across_includes_with_source_mapping ... ok
test tests::exposes_target_compiler_version_to_conditions ... ok
test tests::ignores_directives_in_block_comments_and_accepts_comments_as_whitespace ... ok
test tests::loads_quoted_includes_once_in_first_discovery_order ... ok
test tests::masks_complete_multiline_define_values ... ok
test tests::multiline_macro_continuations_do_not_add_definition_indentation ... ok
test tests::masks_directives_and_nested_inactive_branches_without_shifting_bytes ... ok
test tests::records_system_includes_without_resolving_them ... ok
test tests::rejects_duplicate_else_and_elif_after_else ... ok
test tests::rejects_includes_outside_the_project_directory ... ok
test tests::reports_the_innermost_unterminated_conditional_and_stack_depth ... ok
test tests::reports_unmatched_elif_before_parsing_its_expression ... ok
test tests::reports_deterministic_recursive_and_depth_macro_errors ... ok
test tests::shares_defines_across_recursive_includes ... ok
test tests::skips_includes_in_inactive_conditional_branches ... ok
test tests::validates_conditional_directive_arguments ... ok

test result: ok. 19 passed; 0 failed; 0 ignored; 0 measured; 0 filtered out; finished in 0.01s

     Running unittests src/lib.rs (target/debug/deps/dm_runtime-6555e837af8cd67b)

running 12 tests
test tests::applies_only_proven_constant_field_expressions ... ok
test tests::applies_global_and_static_overrides_in_project_order ... ok
test tests::dynamic_initializer_global_writes_persist_into_later_steps ... ok
test tests::converts_nested_associative_lists_and_preserves_default_aliases ... ok
test tests::evaluates_live_datum_expressions_with_materialized_globals ... ok
test tests::executes_identifier_dependencies_and_overrides_in_source_order ... ok
test tests::executes_list_expressions_with_runtime_values ... ok
test tests::executes_src_field_and_explicit_global_references ... ok
test tests::execution_states_share_the_image_type_catalog ... ok
test tests::layers_ancestor_defaults_and_reopen_overrides_deterministically ... ok
test tests::materializes_builtin_atom_appearance_defaults_without_overriding_source ... ok
test tests::retains_source_mapped_unsupported_initializers_without_guessing ... ok

test result: ok. 12 passed; 0 failed; 0 ignored; 0 measured; 0 filtered out; finished in 0.01s

     Running unittests src/lib.rs (target/debug/deps/dm_semantics-f0f2c9e0a5d3ba34)

running 18 tests
test tests::chains_multiple_reopenings_in_expanded_source_order ... ok
test tests::executes_multiple_reopenings_through_the_exact_parent_chain ... ok
test tests::executes_an_inherited_override_and_reuses_omitted_arguments ... ok
test tests::follows_a_resolved_explicit_parent_type ... ok
test tests::executes_parent_target_from_explicit_parent_type_and_explicit_arguments ... ok
test tests::indexes_a_global_procedure_without_an_owner_or_parent ... ok
test tests::indexes_a_base_procedure_with_source_identity ... ok
test tests::links_a_child_override_to_the_inherited_effective_body ... ok
test tests::links_direction_text_and_orange_standard_builtins ... ok
test tests::links_standard_location_predicates_as_variadic_builtins ... ok
test tests::lowers_bare_inherited_fields_as_src_fields_after_local_resolution ... ok
test tests::lowers_standard_atom_fields_only_for_their_builtin_hierarchy ... ok
test tests::lowers_standard_datum_type_field_for_all_datums ... ok
test tests::missing_parent_target_is_a_source_mapped_runtime_error ... ok
test tests::parent_failure_preserves_both_source_mapped_frames ... ok
test tests::selected_dynamic_literal_call_includes_matching_method_implementation ... ok
test tests::selected_method_includes_and_resolves_direct_helper_calls ... ok
test tests::selected_static_call_uses_object_tree_ancestor_not_lexical_path_ancestor ... ok

test result: ok. 18 passed; 0 failed; 0 ignored; 0 measured; 0 filtered out; finished in 0.02s

   Doc-tests dm_project

running 0 tests

test result: ok. 0 passed; 0 failed; 0 ignored; 0 measured; 0 filtered out; finished in 0.00s

   Doc-tests dm_runtime

running 0 tests

test result: ok. 0 passed; 0 failed; 0 ignored; 0 measured; 0 filtered out; finished in 0.00s

   Doc-tests dm_semantics

running 0 tests

test result: ok. 0 passed; 0 failed; 0 ignored; 0 measured; 0 filtered out; finished in 0.00s

=== CLIPPY ===
    Checking dm-core v0.1.0 (/home/runner/work/Dream64/Dream64/crates/dm-core)
    Checking dm-lexer v0.1.0 (/home/runner/work/Dream64/Dream64/crates/dm-lexer)
    Checking dm-project v0.1.0 (/home/runner/work/Dream64/Dream64/crates/dm-project)
    Checking dm-syntax v0.1.0 (/home/runner/work/Dream64/Dream64/crates/dm-syntax)
    Checking dm-object-tree v0.1.0 (/home/runner/work/Dream64/Dream64/crates/dm-object-tree)
    Checking dm-value v0.1.0 (/home/runner/work/Dream64/Dream64/crates/dm-value)
    Checking dm-compiler v0.1.0 (/home/runner/work/Dream64/Dream64/crates/dm-compiler)
    Checking dm-vm v0.1.0 (/home/runner/work/Dream64/Dream64/crates/dm-vm)
    Checking dm-globals v0.1.0 (/home/runner/work/Dream64/Dream64/crates/dm-globals)
    Checking dm-map v0.1.0 (/home/runner/work/Dream64/Dream64/crates/dm-map)
    Checking dm-dmf v0.1.0 (/home/runner/work/Dream64/Dream64/crates/dm-dmf)
    Checking dm-runtime v0.1.0 (/home/runner/work/Dream64/Dream64/crates/dm-runtime)
    Checking dm-world v0.1.0 (/home/runner/work/Dream64/Dream64/crates/dm-world)
    Checking dm-semantics v0.1.0 (/home/runner/work/Dream64/Dream64/crates/dm-semantics)
error: this function has too many lines (124/100)
   --> crates/dm-semantics/src/lib.rs:440:5
    |
440 | /     fn compile_vm_selected_with_fields(
441 | |         &self,
442 | |         compilation: &Compilation,
443 | |         selected: impl IntoIterator<Item = ProcedureImplementationId>,
...   |
446 | |         include_parent_targets: bool,
447 | |     ) -> Result<ExecutableProcedures, dm_vm::CompileError> {
    | |__________________________________________________________^
    |
    = help: for further information visit https://rust-lang.github.io/rust-clippy/rust-1.97.0/index.html#too_many_lines
    = note: `-D clippy::too-many-lines` implied by `-D warnings`
    = help: to override `-D warnings` add `#[allow(clippy::too_many_lines)]`

error: could not compile `dm-semantics` (lib) due to 1 previous error
warning: build failed, waiting for other jobs to finish...
=== EXIT 101 ===
