   Compiling dm-core v0.1.0 (/home/runner/work/Dream64/Dream64/crates/dm-core)
   Compiling dm-lexer v0.1.0 (/home/runner/work/Dream64/Dream64/crates/dm-lexer)
   Compiling dm-syntax v0.1.0 (/home/runner/work/Dream64/Dream64/crates/dm-syntax)
   Compiling dm-value v0.1.0 (/home/runner/work/Dream64/Dream64/crates/dm-value)
   Compiling dm-object-tree v0.1.0 (/home/runner/work/Dream64/Dream64/crates/dm-object-tree)
   Compiling dm-project v0.1.0 (/home/runner/work/Dream64/Dream64/crates/dm-project)
   Compiling dm-compiler v0.1.0 (/home/runner/work/Dream64/Dream64/crates/dm-compiler)
   Compiling dm-vm v0.1.0 (/home/runner/work/Dream64/Dream64/crates/dm-vm)
   Compiling dm-globals v0.1.0 (/home/runner/work/Dream64/Dream64/crates/dm-globals)
   Compiling dm-runtime v0.1.0 (/home/runner/work/Dream64/Dream64/crates/dm-runtime)
   Compiling dm-semantics v0.1.0 (/home/runner/work/Dream64/Dream64/crates/dm-semantics)
error[E0609]: no field `root` on type `Fixture`
    --> crates/dm-runtime/src/lib.rs:1649:55
     |
1649 |         assert_eq!(state.project_root(), Some(fixture.root.as_path()));
     |                                                       ^^^^ unknown field
     |
     = note: available field is: `0`

For more information about this error, try `rustc --explain E0609`.
error: could not compile `dm-runtime` (lib test) due to 1 previous error
warning: build failed, waiting for other jobs to finish...
