   Compiling dm-core v0.1.0 (/home/runner/work/Dream64/Dream64/crates/dm-core)
   Compiling dm-lexer v0.1.0 (/home/runner/work/Dream64/Dream64/crates/dm-lexer)
   Compiling dm-syntax v0.1.0 (/home/runner/work/Dream64/Dream64/crates/dm-syntax)
   Compiling dm-value v0.1.0 (/home/runner/work/Dream64/Dream64/crates/dm-value)
   Compiling dm-vm v0.1.0 (/home/runner/work/Dream64/Dream64/crates/dm-vm)
error[E0004]: non-exhaustive patterns: `CompoundAssignmentOperator::FractionalRemainder` not covered
    --> crates/dm-vm/src/builtins.rs:1073:11
     |
1073 |     match operator {
     |           ^^^^^^^^ pattern `CompoundAssignmentOperator::FractionalRemainder` not covered
     |
note: `CompoundAssignmentOperator` defined here
    --> crates/dm-vm/src/lib.rs:341:10
     |
 341 | pub enum CompoundAssignmentOperator {
     |          ^^^^^^^^^^^^^^^^^^^^^^^^^^
...
 353 |     FractionalRemainder,
     |     ------------------- not covered
     = note: the matched value is of type `CompoundAssignmentOperator`
help: ensure that all possible cases are being handled by adding a match arm with a wildcard pattern or an explicit pattern as shown
     |
1127 ~         },
1128 +         CompoundAssignmentOperator::FractionalRemainder => todo!()
     |

For more information about this error, try `rustc --explain E0004`.
error: could not compile `dm-vm` (lib) due to 1 previous error
warning: build failed, waiting for other jobs to finish...
error: could not compile `dm-vm` (lib test) due to 1 previous error
