   Compiling dm-core v0.1.0 (/home/runner/work/Dream64/Dream64/crates/dm-core)
   Compiling dm-lexer v0.1.0 (/home/runner/work/Dream64/Dream64/crates/dm-lexer)
   Compiling dm-syntax v0.1.0 (/home/runner/work/Dream64/Dream64/crates/dm-syntax)
   Compiling dm-value v0.1.0 (/home/runner/work/Dream64/Dream64/crates/dm-value)
   Compiling dm-object-tree v0.1.0 (/home/runner/work/Dream64/Dream64/crates/dm-object-tree)
   Compiling dm-project v0.1.0 (/home/runner/work/Dream64/Dream64/crates/dm-project)
   Compiling dm-compiler v0.1.0 (/home/runner/work/Dream64/Dream64/crates/dm-compiler)
   Compiling dm-vm v0.1.0 (/home/runner/work/Dream64/Dream64/crates/dm-vm)
   Compiling dm-globals v0.1.0 (/home/runner/work/Dream64/Dream64/crates/dm-globals)
   Compiling dm-map v0.1.0 (/home/runner/work/Dream64/Dream64/crates/dm-map)
   Compiling dm-runtime v0.1.0 (/home/runner/work/Dream64/Dream64/crates/dm-runtime)
   Compiling dm-semantics v0.1.0 (/home/runner/work/Dream64/Dream64/crates/dm-semantics)
   Compiling dm-world v0.1.0 (/home/runner/work/Dream64/Dream64/crates/dm-world)
   Compiling dm-lifecycle v0.1.0 (/home/runner/work/Dream64/Dream64/crates/dm-lifecycle)
    Finished `test` profile [unoptimized + debuginfo] target(s) in 32.64s
     Running unittests src/lib.rs (target/debug/deps/dm_lifecycle-c1a6d633b1920cd3)

running 4 tests
test tests::executes_map_lifecycles_in_phase_order_without_compiling_unrelated_procs ... ok
test tests::compatibility_sweep_collects_lifecycle_failures_without_hiding_good_targets ... ok
test tests::plans_globals_world_and_map_lifecycles_without_execution ... ok
test tests::resolves_inherited_and_overridden_effective_targets ... ok

test result: ok. 4 passed; 0 failed; 0 ignored; 0 measured; 0 filtered out; finished in 0.01s

     Running unittests src/main.rs (target/debug/deps/dm_lifecycle-86d5b32866b48a15)

running 0 tests

test result: ok. 0 passed; 0 failed; 0 ignored; 0 measured; 0 filtered out; finished in 0.00s

     Running tests/bare_field_resolution.rs (target/debug/deps/bare_field_resolution-8c9c5524cf7eea67)

running 3 tests
test lifecycle_procedures_read_and_write_inherited_fields_without_src ... ok
test parameters_and_locals_shadow_same_named_instance_fields ... ok
test unknown_bare_names_remain_compile_diagnostics ... ok

test result: ok. 3 passed; 0 failed; 0 ignored; 0 measured; 0 filtered out; finished in 0.01s

     Running tests/glob_associative_lists.rs (target/debug/deps/glob_associative_lists-7d34f8a6df026e5d)

running 1 test
test lifecycle_procedures_read_and_write_glob_associative_lists_with_inherited_bare_keys ... ok

test result: ok. 1 passed; 0 failed; 0 ignored; 0 measured; 0 filtered out; finished in 0.00s

     Running tests/headless_boot.rs (target/debug/deps/headless_boot-68d8ce7a3b191754)

running 2 tests
test headless_boot_keeps_runtime_errors_source_mapped ... ok
test headless_boot_executes_deterministic_map_lifecycle_and_preserves_state ... ok

test result: ok. 2 passed; 0 failed; 0 ignored; 0 measured; 0 filtered out; finished in 0.01s

     Running tests/map_expression_overrides.rs (target/debug/deps/map_expression_overrides-fe42e065815108e8)

running 1 test
test evaluates_dynamic_map_overrides_before_new_with_global_and_src_bindings ... ok

test result: ok. 1 passed; 0 failed; 0 ignored; 0 measured; 0 filtered out; finished in 0.00s

     Running tests/world_global.rs (target/debug/deps/world_global-6c6215541bcfd8b2)

running 1 test
test built_in_world_global_resolves_to_the_singleton_world_during_atom_lifecycle ... ok

test result: ok. 1 passed; 0 failed; 0 ignored; 0 measured; 0 filtered out; finished in 0.00s

     Running unittests src/lib.rs (target/debug/deps/dm_runtime-6555e837af8cd67b)

running 13 tests
test tests::applies_global_and_static_overrides_in_project_order ... ok
test tests::applies_only_proven_constant_field_expressions ... ok
test tests::dynamic_initializer_global_writes_persist_into_later_steps ... ok
test tests::converts_nested_associative_lists_and_preserves_default_aliases ... ok
test tests::evaluates_live_datum_expressions_with_materialized_globals ... ok
test tests::executes_list_expressions_with_runtime_values ... ok
test tests::executes_identifier_dependencies_and_overrides_in_source_order ... ok
test tests::execution_state_carries_initial_parent_and_project_metadata ... ok
test tests::executes_src_field_and_explicit_global_references ... ok
test tests::execution_states_share_the_image_type_catalog ... ok
test tests::layers_ancestor_defaults_and_reopen_overrides_deterministically ... ok
test tests::materializes_builtin_atom_appearance_defaults_without_overriding_source ... ok
test tests::retains_source_mapped_unsupported_initializers_without_guessing ... ok

test result: ok. 13 passed; 0 failed; 0 ignored; 0 measured; 0 filtered out; finished in 0.01s

     Running unittests src/lib.rs (target/debug/deps/dm_semantics-f0f2c9e0a5d3ba34)

running 18 tests
test tests::chains_multiple_reopenings_in_expanded_source_order ... ok
test tests::executes_multiple_reopenings_through_the_exact_parent_chain ... ok
test tests::executes_an_inherited_override_and_reuses_omitted_arguments ... ok
test tests::follows_a_resolved_explicit_parent_type ... ok
test tests::indexes_a_base_procedure_with_source_identity ... ok
test tests::executes_parent_target_from_explicit_parent_type_and_explicit_arguments ... ok
test tests::links_a_child_override_to_the_inherited_effective_body ... ok
test tests::indexes_a_global_procedure_without_an_owner_or_parent ... ok
test tests::links_direction_text_and_orange_standard_builtins ... ok
test tests::links_standard_location_predicates_as_variadic_builtins ... ok
test tests::lowers_bare_inherited_fields_as_src_fields_after_local_resolution ... ok
test tests::lowers_standard_datum_type_field_for_all_datums ... ok
test tests::lowers_standard_atom_fields_only_for_their_builtin_hierarchy ... ok
test tests::missing_parent_target_is_a_source_mapped_runtime_error ... ok
test tests::parent_failure_preserves_both_source_mapped_frames ... ok
test tests::selected_dynamic_literal_call_includes_matching_method_implementation ... ok
test tests::selected_method_includes_and_resolves_direct_helper_calls ... ok
test tests::selected_static_call_uses_object_tree_ancestor_not_lexical_path_ancestor ... ok

test result: ok. 18 passed; 0 failed; 0 ignored; 0 measured; 0 filtered out; finished in 0.03s

     Running unittests src/lib.rs (target/debug/deps/dm_vm-241329f7a87c466e)

running 133 tests
test tests::absolute_type_path_expressions_lower_to_type_path_values ... ok
test tests::arglist_expands_inside_static_and_dynamic_call_arguments ... ok
test tests::argumentless_current_call_reuses_original_frame_arguments ... ok
test tests::assignment_expressions_store_and_yield_the_assigned_value ... ok
test tests::bare_src_field_dotted_call_is_a_valid_side_effect_statement ... ok
test tests::associative_literals_lookup_update_and_iterate_in_source_order ... ok
test tests::binds_missing_arguments_to_null_and_retains_extra_arguments ... ok
test tests::bitwise_compound_assignments_update_locals_and_list_indices ... ok
test tests::block_enumerates_inclusive_turf_rectangles ... ok
test tests::bounds_recursion_and_reports_the_source_mapped_call_stack ... ok
test tests::break_and_continue_work_inside_nested_conditionals ... ok
test tests::c_style_for_supports_prefix_decrement_and_optional_clauses ... ok
test tests::c_style_for_supports_scoped_initializer_and_postfix_increment ... ok
test tests::calls_accept_a_trailing_argument_separator ... ok
test tests::calls_forward_declared_procedures_with_positional_arguments ... ok
test tests::compact_brace_macro_body_is_lowered_as_an_indented_block ... ok
test tests::compact_do_while_macro_body_preserves_nested_block_indentation ... ok
test tests::compiles_in_as_a_relational_list_membership_operator ... ok
test tests::compiles_locals_and_executes_binary32_arithmetic ... ok
test tests::compound_list_index_assignment_updates_positional_and_associative_entries ... ok
test tests::condition_tokens_accepts_braced_macro_conditions_with_following_tokens ... ok
test tests::conditional_accepts_a_preprocessor_retained_opening_brace ... ok
test tests::conditional_accepts_same_line_continue_body ... ok
test tests::conditional_accepts_same_line_else_body ... ok
test tests::conditional_expressions_associate_right ... ok
test tests::conditional_accepts_same_line_return_body ... ok
test tests::conditional_preserves_else_if_condition_with_inline_body ... ok
test tests::copytext_char_uses_character_positions_and_negative_offsets ... ok
test tests::crash_statement_compiles_and_a_false_guard_skips_it ... ok
test tests::crash_statement_returns_a_source_mapped_runtime_error ... ok
test tests::current_call_uses_explicit_positional_arguments ... ok
test tests::datum_type_field_reflects_the_heap_runtime_type ... ok
test tests::defaults_interact_with_explicit_and_argument_reusing_current_calls ... ok
test tests::dm_appearance_flags_are_the_documented_byond_bit_positions ... ok
test tests::direction_and_icon_builtins_cover_lifecycle_shapes ... ok
test tests::dm_blend_constants_work_in_defaults_and_expressions ... ok
test tests::dm_boolean_constants_work_in_defaults_and_expressions ... ok
test tests::dm_reset_appearance_constants_are_appearance_flag_bits ... ok
test tests::do_requires_indented_body_and_trailing_while ... ok
test tests::do_while_executes_before_testing_and_routes_loop_control_to_condition ... ok
test tests::documented_native_builtins_cover_text_math_and_type_helpers ... ok
test tests::dotted_datum_calls_lower_to_dynamic_dispatch ... ok
test tests::dynamic_call_dispatches_receiver_methods_from_text_and_type_path_selectors ... ok
test tests::exact_standalone_instruction_budget_completes_the_final_return ... ok
test tests::executes_bitwise_operators_with_dm_integer_coercion_and_precedence ... ok
test tests::executes_assignment_and_nested_if_else_blocks ... ok
test tests::executes_recursive_calls_on_explicit_frames ... ok
test tests::executes_unary_bitwise_complement_with_dm_integer_coercion ... ok
test tests::explicit_return_takes_precedence_over_special_result ... ok
test tests::explicit_src_and_usr_fields_support_compound_assignment ... ok
test tests::field_errors_retain_source_mapping_for_null_missing_and_stale_receivers ... ok
test tests::for_continue_runs_increment_and_break_exits_the_loop ... ok
test tests::for_to_range_evaluates_its_step_once ... ok
test tests::for_in_break_continue_and_nesting_target_the_innermost_loop ... ok
test tests::for_to_range_honors_explicit_positive_and_negative_steps ... ok
test tests::get_step_finds_cardinal_diagonal_and_same_coordinate_turfs ... ok
test tests::for_to_range_is_inclusive_and_continue_runs_its_increment ... ok
test tests::glob_alias_lowers_and_executes_as_the_global_namespace ... ok
test tests::globals_persist_across_executions_and_compound_updates ... ok
test tests::headless_locate_consumes_arguments_and_returns_null ... ok
test tests::headless_locate_in_container_is_not_list_membership_and_supports_nesting ... ok
test tests::implicit_args_is_a_per_call_list_of_all_supplied_values ... ok
test tests::in_checks_associative_keys_but_not_associative_values ... ok
test tests::infinite_for_obeys_step_budget_and_for_in_compiles ... ok
test tests::initializer_calls_only_real_linked_global_procedures ... ok
test tests::initializer_lowering_uses_explicit_bindings_and_source_spans ... ok
test tests::instruction_budget_terminates_an_infinite_while_with_source_context ... ok
test tests::keyword_style_arguments_in_bare_datum_calls_do_not_become_assignments ... ok
test tests::instruction_budget_is_shared_across_procedure_calls ... ok
test tests::keyword_style_arguments_in_datum_calls_do_not_become_assignments ... ok
test tests::keyword_style_arguments_in_discarded_calls_do_not_become_assignments ... ok
test tests::keyword_style_call_arguments_compile_in_source_order ... ok
test tests::length_builtin_counts_text_bytes_and_list_entries ... ok
test tests::list_aliases_observe_heap_mutation_across_executions ... ok
test tests::list_assignment_preserves_alias_identity ... ok
test tests::list_construction_allocates_heap_storage_in_source_order ... ok
test tests::list_instructions_consume_the_existing_shared_budget ... ok
test tests::list_literals_support_bracket_reads_and_writes ... ok
test tests::logical_assignment_short_circuits_locals_fields_and_list_entries ... ok
test tests::macro_wrapped_named_arguments_become_textual_list_keys ... ok
test tests::maps_callee_runtime_errors_and_preserves_caller_context ... ok
test tests::multiple_parameter_defaults_evaluate_in_declaration_order ... ok
test tests::mutable_appearance_builtin_constructs_its_builtin_datum ... ok
test tests::named_and_parent_calls_preserve_object_context ... ok
test tests::nameof_accepts_type_and_static_member_references ... ok
test tests::nameof_procedure_reference_lowers_to_the_procedure_name ... ok
test tests::nested_for_loops_patch_control_to_the_innermost_loop ... ok
test tests::new_type_path_allocates_a_datum_and_discards_constructor_arguments ... ok
test tests::nested_loops_patch_break_and_continue_to_the_innermost_loop ... ok
test tests::optional_field_and_index_operators_parse_as_access_expressions ... ok
test tests::observes_operator_precedence_and_parentheses ... ok
test tests::parameter_defaults_are_general_runtime_expressions ... ok
test tests::parameter_literal_default_applies_only_when_argument_is_omitted ... ok
test tests::parent_call_statement_executes_and_discards_its_result ... ok
test tests::parenthesized_expression_statements_discard_their_result ... ok
test tests::plane_macro_nested_scope_keeps_cached_locals_visible ... ok
test tests::range_returns_all_same_z_atoms_in_a_square_and_accepts_reversed_arguments ... ok
test tests::random_builtins_are_deterministic_and_respect_their_bounds ... ok
test tests::recognizes_when_both_conditional_branches_return ... ok
test tests::ref_builtin_returns_stable_byond_style_heap_identity_text ... ok
test tests::regex_builtin_constructs_a_regex_datum_with_pattern_and_flags ... ok
test tests::rejects_break_and_continue_outside_loops ... ok
test tests::rejects_unknown_locals_during_compilation ... ok
test tests::repeated_nested_blocks_may_redeclare_macro_locals ... ok
test tests::replacetext_builtin_family_replaces_text_with_byond_bounds ... ok
test tests::resource_literal_expressions_lower_to_their_path_text ... ok
test tests::round_builtin_preserves_byond_floor_and_nearest_multiple_forms ... ok
test tests::runtime_new_type_and_proc_ref_macro_expansion_compile ... ok
test tests::shared_value_migration_preserves_scalar_execution ... ok
test tests::shift_operators_and_compound_assignments_use_signed_32_bit_semantics ... ok
test tests::special_result_can_receive_resolved_parent_call ... ok
test tests::special_result_starts_null_and_is_returned_on_fallthrough ... ok
test tests::special_result_supports_reads_assignments_and_compound_assignments ... ok
test tests::special_result_survives_branches_and_loops ... ok
test tests::src_and_usr_aliases_observe_the_same_datum_write ... ok
test tests::stale_list_indexing_maps_to_source_aware_runtime_error ... ok
test tests::standalone_prefix_and_postfix_increments_are_valid_statements ... ok
test tests::static_call_statement_executes_and_discards_its_result ... ok
test tests::switch_rejects_case_after_default ... ok
test tests::switch_matches_values_ranges_and_default_after_evaluating_selector_once ... ok
test tests::top_level_semicolons_split_macro_style_statements ... ok
test tests::type_predicate_builtins_classify_null_numbers_paths_and_subtypes ... ok
test tests::type_predicates_follow_runtime_parent_catalog_not_path_spelling ... ok
test tests::typed_and_uninitialized_locals_start_as_null ... ok
test tests::typesof_builtin_includes_the_selector_and_registered_descendants ... ok
test tests::typed_for_in_binding_ignores_as_qualifier ... ok
test tests::typesof_can_use_a_shared_immutable_catalog ... ok
test tests::unnamed_varargs_parameter_reserves_its_argument_slot ... ok
test tests::unsupported_set_directives_remain_diagnostic ... ok
test tests::unresolved_parent_call_reports_source_mapped_runtime_error ... ok
test tests::weighted_pick_style_semicolons_select_a_builtin_candidate ... ok
test tests::waitfor_directives_are_headless_scheduling_metadata ... ok
test tests::while_supports_zero_and_multiple_iterations ... ok

test result: ok. 133 passed; 0 failed; 0 ignored; 0 measured; 0 filtered out; finished in 0.04s

   Doc-tests dm_lifecycle

running 0 tests

test result: ok. 0 passed; 0 failed; 0 ignored; 0 measured; 0 filtered out; finished in 0.00s

   Doc-tests dm_runtime

running 0 tests

test result: ok. 0 passed; 0 failed; 0 ignored; 0 measured; 0 filtered out; finished in 0.00s

   Doc-tests dm_semantics

running 0 tests

test result: ok. 0 passed; 0 failed; 0 ignored; 0 measured; 0 filtered out; finished in 0.00s

   Doc-tests dm_vm

running 0 tests

test result: ok. 0 passed; 0 failed; 0 ignored; 0 measured; 0 filtered out; finished in 0.00s

    Checking dm-core v0.1.0 (/home/runner/work/Dream64/Dream64/crates/dm-core)
    Checking dm-lexer v0.1.0 (/home/runner/work/Dream64/Dream64/crates/dm-lexer)
    Checking dm-project v0.1.0 (/home/runner/work/Dream64/Dream64/crates/dm-project)
    Checking dm-syntax v0.1.0 (/home/runner/work/Dream64/Dream64/crates/dm-syntax)
    Checking dm-object-tree v0.1.0 (/home/runner/work/Dream64/Dream64/crates/dm-object-tree)
    Checking dm-value v0.1.0 (/home/runner/work/Dream64/Dream64/crates/dm-value)
    Checking dm-compiler v0.1.0 (/home/runner/work/Dream64/Dream64/crates/dm-compiler)
    Checking dm-vm v0.1.0 (/home/runner/work/Dream64/Dream64/crates/dm-vm)
    Checking dm-globals v0.1.0 (/home/runner/work/Dream64/Dream64/crates/dm-globals)
    Checking dm-map v0.1.0 (/home/runner/work/Dream64/Dream64/crates/dm-map)
    Checking dm-dmf v0.1.0 (/home/runner/work/Dream64/Dream64/crates/dm-dmf)
    Checking dm-runtime v0.1.0 (/home/runner/work/Dream64/Dream64/crates/dm-runtime)
error: docs for function which may panic missing `# Panics` section
   --> crates/dm-runtime/src/lib.rs:501:5
    |
501 |     pub fn take_execution_state(&mut self) -> ExecutionState {
    |     ^^^^^^^^^^^^^^^^^^^^^^^^^^^^^^^^^^^^^^^^^^^^^^^^^^^^^^^^
    |
note: first possible panic found here
   --> crates/dm-runtime/src/lib.rs:539:17
    |
539 |                 FieldName::parse("type").expect("built-in type field is valid"),
    |                 ^^^^^^^^^^^^^^^^^^^^^^^^^^^^^^^^^^^^^^^^^^^^^^^^^^^^^^^^^^^^^^^
    = help: for further information visit https://rust-lang.github.io/rust-clippy/rust-1.97.0/index.html#missing_panics_doc
    = note: `-D clippy::missing-panics-doc` implied by `-D warnings`
    = help: to override `-D warnings` add `#[allow(clippy::missing_panics_doc)]`

error: could not compile `dm-runtime` (lib) due to 1 previous error
warning: build failed, waiting for other jobs to finish...
